Microchip MPLAB XC8 Compiler V2.32

Linker command line:

-W-3 --edf=E:\Program Files\Microchip\xc8\v2.32\pic\dat\en_msgs.txt -cn \
  -h+dist/default/production\PJFinal.X.production.sym \
  --cmf=dist/default/production\PJFinal.X.production.cmf -z -Q18F4520 \
  -oC:\Users\melol\AppData\Local\Temp\xcAs9js.4 --defsym=__MPLAB_BUILD=1 \
  -Mdist/default/production/PJFinal.X.production.map -E1 -ver=XC8 Compiler \
  --acfsm=1493 -ASTACK=080h-05FFh -pstack=STACK -ACODE=00h-07FFFh \
  -ACONST=00h-07FFFh -ASMALLCONST=0600h-06FFhx122 \
  -AMEDIUMCONST=0600h-07FFFh -ACOMRAM=01h-07Fh -AABS1=00h-05FFh \
  -ABIGRAM=01h-05FFh -ARAM=080h-0FFh,0100h-01FFhx5 -ABANK0=080h-0FFh \
  -ABANK1=0100h-01FFh -ABANK2=0200h-02FFh -ABANK3=0300h-03FFh \
  -ABANK4=0400h-04FFh -ABANK5=0500h-05FFh -ASFR=0F80h-0FFFh \
  -ACONFIG=0300000h-030000Dh -AIDLOC=0200000h-0200007h \
  -AEEDATA=0F00000h-0F000FFh -peeprom_data=EEDATA \
  -preset_vec=00h,intcode,intcodelo,powerup,init -pramtop=0600h \
  -psmallconst=SMALLCONST -pmediumconst=MEDIUMCONST -pconst=CONST \
  -AFARRAM=00h-00h \
  -prdata=COMRAM,nvrram=COMRAM,nvbit=COMRAM,rbss=COMRAM,rbit=COMRAM \
  -pfarbss=FARRAM,fardata=FARRAM,nvFARRAM=FARRAM \
  -pintsave_regs=BIGRAM,bigbss=BIGRAM,bigdata=BIGRAM -pbss=RAM \
  -pidata=CODE,irdata=CODE,ibigdata=CODE,ifardata=CODE -prparam=COMRAM \
  C:\Users\melol\AppData\Local\Temp\xcAs9js.o \
  dist/default/production\PJFinal.X.production.o 

Object code version is 3.11

Machine type is 18F4520



                Name                               Link     Load   Length Selector   Space Scale
C:\Users\melol\AppData\Local\Temp\xcAs9js.o
                idloc                            200000   200000        8        0       5
                config                           300000   300000        E        0       4
                init                                  0        0        4        0       0
dist/default/production\PJFinal.X.production.o
                idloc                            200000   200000        8        0       5
                config                           300000   300000        E        0       4
                smallconst                          600      600       1C      300       0
                text26                             195C     195C       A4      30E       0
                text25                             1A00     1A00       88      30E       0
                text24                             1558     1558      16A      30E       0
                text23                             119E     119E      24E      30E       0
                text22                             1D62     1D62       2A      30E       0
                text21                             1D38     1D38       2A      30E       0
                text20                             1B90     1B90       4E      30E       0
                text19                             16C2     16C2      136      30E       0
                text18                              F50      F50      24E      30E       0
                text17                             1C5E     1C5E       3E      30E       0
                text16                             1CD6     1CD6       32      30E       0
                text15                             1E04     1E04        A      30E       0
                text14                             1E0E     1E0E        2      30E       0
                text13                             1BDE     1BDE       42      30E       0
                text12                             1A88     1A88       5A      30E       0
                text11                             1DD0     1DD0       1E      30E       0
                text10                             1D08     1D08       30      30E       0
                text9                              1DB2     1DB2       1E      30E       0
                text8                              1D8C     1D8C       26      30E       0
                text7                              17F8     17F8       B4      30E       0
                text6                              1C9C     1C9C       3A      30E       0
                text5                              18AC     18AC       B0      30E       0
                text4                              1C20     1C20       3E      30E       0
                text3                              1AE2     1AE2       58      30E       0
                text2                              1B3A     1B3A       56      30E       0
                text1                              13EC     13EC      16C      30E       0
                text0                               61C      61C      934      30E       0
                cstackCOMRAM                          1        1       3C        1       1
                bssCOMRAM                            3D       3D        D        1       1
                cinit                              1DEE     1DEE       16      30E       0

TOTAL           Name                               Link     Load   Length     Space
        CLASS   STACK          

        CLASS   CODE           
                init                                  0        0        4         0
                text26                             195C     195C       A4         0
                text25                             1A00     1A00       88         0
                text24                             1558     1558      16A         0
                text23                             119E     119E      24E         0
                text22                             1D62     1D62       2A         0
                text21                             1D38     1D38       2A         0
                text20                             1B90     1B90       4E         0
                text19                             16C2     16C2      136         0
                text18                              F50      F50      24E         0
                text17                             1C5E     1C5E       3E         0
                text16                             1CD6     1CD6       32         0
                text15                             1E04     1E04        A         0
                text14                             1E0E     1E0E        2         0
                text13                             1BDE     1BDE       42         0
                text12                             1A88     1A88       5A         0
                text11                             1DD0     1DD0       1E         0
                text10                             1D08     1D08       30         0
                text9                              1DB2     1DB2       1E         0
                text8                              1D8C     1D8C       26         0
                text7                              17F8     17F8       B4         0
                text6                              1C9C     1C9C       3A         0
                text5                              18AC     18AC       B0         0
                text4                              1C20     1C20       3E         0
                text3                              1AE2     1AE2       58         0
                text2                              1B3A     1B3A       56         0
                text1                              13EC     13EC      16C         0
                text0                               61C      61C      934         0
                cinit                              1DEE     1DEE       16         0

        CLASS   CONST          

        CLASS   SMALLCONST     
                smallconst                          600      600       1C         0

        CLASS   MEDIUMCONST    

        CLASS   COMRAM         
                cstackCOMRAM                          1        1       3C         1
                bssCOMRAM                            3D       3D        D         1

        CLASS   ABS1           

        CLASS   BIGRAM         

        CLASS   RAM            

        CLASS   BANK0          

        CLASS   BANK1          

        CLASS   BANK2          

        CLASS   BANK3          

        CLASS   BANK4          

        CLASS   BANK5          

        CLASS   SFR            

        CLASS   CONFIG         
                config                           300000   300000        E         4

        CLASS   IDLOC          
                idloc                            200000   200000        8         5

        CLASS   EEDATA         

        CLASS   FARRAM         



SEGMENTS        Name                           Load    Length   Top    Selector   Space  Class

                reset_vec                      000000  000004  000004         0       0  CODE    
                cstackCOMRAM                   000001  000049  00004A         1       1  COMRAM  
                smallconst                     000600  00001C  00061C       300       0  SMALLCON
                text0                          00061C  0017F4  001E10       30E       0  CODE    


UNUSED ADDRESS RANGES

        Name                Unused          Largest block    Delta
        BANK0            000080-0000FF               80
        BANK1            000100-0001FF              100
        BANK2            000200-0002FF              100
        BANK3            000300-0003FF              100
        BANK4            000400-0004FF              100
        BANK5            000500-0005FF              100
        BIGRAM           00004A-0005FF              5B6
        CODE             000004-0005FF              5FC
                         001E10-007FFF             61F0
        COMRAM           00004A-00007F               36
        CONST            000004-0005FF              5FC
                         001E10-007FFF             61F0
        EEDATA           F00000-F000FF              100
        MEDIUMCONST      001E10-007FFF             61F0
        RAM              000080-0005FF              100
        SFR              000F80-000FFF               80
        SMALLCONST       001E10-007FFF              100
        STACK            000080-0005FF              580

                                  Symbol Table

?___lldiv                cstackCOMRAM 000001
?___llmod                cstackCOMRAM 00000E
?_digitalRead            cstackCOMRAM 000001
?_kpRead                 cstackCOMRAM 000001
_ADCON0                  (abs)        000FC2
_ADCON1                  (abs)        000FC1
_ADCON2                  (abs)        000FC0
_ADRESH                  (abs)        000FC4
_ADRESL                  (abs)        000FC3
_BAUDCON                 (abs)        000FB8
_CCP2CON                 (abs)        000FBA
_CCPR2L                  (abs)        000FBB
_INTCON                  (abs)        000FF2
_PIR1                    (abs)        000F9E
_PORTA                   (abs)        000F80
_PORTB                   (abs)        000F81
_PORTC                   (abs)        000F82
_PORTD                   (abs)        000F83
_PORTE                   (abs)        000F84
_PR2                     (abs)        000FCB
_PulseClockData          text22       001D62
_PulseEnClock            text21       001D38
_RCREG                   (abs)        000FAE
_RCSTA                   (abs)        000FAB
_SPBRG                   (abs)        000FAF
_SPBRGH                  (abs)        000FB0
_T0CON                   (abs)        000FD5
_T2CON                   (abs)        000FCA
_TMR0H                   (abs)        000FD7
_TMR0L                   (abs)        000FD6
_TRISA                   (abs)        000F92
_TRISB                   (abs)        000F93
_TRISC                   (abs)        000F94
_TRISD                   (abs)        000F95
_TRISE                   (abs)        000F96
_TXREG                   (abs)        000FAD
_TXSTA                   (abs)        000FAC
__HRAM                   (abs)        000000
__Habs1                  abs1         000000
__Hbank0                 bank0        000000
__Hbank1                 bank1        000000
__Hbank2                 bank2        000000
__Hbank3                 bank3        000000
__Hbank4                 bank4        000000
__Hbank5                 bank5        000000
__Hbigbss                bigbss       000000
__Hbigdata               bigdata      000000
__Hbigram                bigram       000000
__Hbss                   bss          000000
__HbssCOMRAM             bssCOMRAM    000000
__Hcinit                 cinit        000000
__Hclrtext               clrtext      000000
__Hcomram                comram       000000
__Hconfig                config       30000E
__Hconst                 const        000000
__HcstackCOMRAM          cstackCOMRAM 000000
__Hdata                  data         000000
__Heeprom_data           eeprom_data  000000
__Hfarbss                farbss       000000
__Hfardata               fardata      000000
__Hibigdata              ibigdata     000000
__Hidata                 idata        000000
__Hidloc                 idloc        200008
__Hifardata              ifardata     000000
__Hinit                  init         000004
__Hintcode               intcode      000000
__Hintcode_body          intcode_body 000000
__Hintcodelo             intcodelo    000000
__Hintentry              intentry     000000
__Hintret                intret       000000
__Hintsave_regs          intsave_regs 000000
__Hirdata                irdata       000000
__Hmediumconst           mediumconst  000000
__HnvFARRAM              nvFARRAM     000000
__Hnvbit                 nvbit        000000
__Hnvrram                nvrram       000000
__Hparam                 rparam       000000
__Hpowerup               powerup      000000
__Hram                   ram          000000
__Hramtop                ramtop       000600
__Hrbit                  rbit         000000
__Hrbss                  rbss         000000
__Hrdata                 rdata        000000
__Hreset_vec             reset_vec    000000
__Hrparam                rparam       000000
__Hsfr                   sfr          000000
__Hsmallconst            smallconst   00061C
__Hspace_0               (abs)        001E10
__Hspace_1               (abs)        00004A
__Hspace_2               (abs)        000000
__Hspace_4               (abs)        60000E
__Hstack                 stack        000000
__Hstruct                struct       000000
__Htemp                  temp         000000
__Htext                  text         000000
__Htext0                 text0        000000
__Htext1                 text1        000000
__Htext10                text10       000000
__Htext11                text11       000000
__Htext12                text12       000000
__Htext13                text13       000000
__Htext14                text14       000000
__Htext15                text15       000000
__Htext16                text16       000000
__Htext17                text17       000000
__Htext18                text18       000000
__Htext19                text19       000000
__Htext2                 text2        000000
__Htext20                text20       000000
__Htext21                text21       000000
__Htext22                text22       000000
__Htext23                text23       000000
__Htext24                text24       000000
__Htext25                text25       000000
__Htext26                text26       000000
__Htext3                 text3        000000
__Htext4                 text4        000000
__Htext5                 text5        000000
__Htext6                 text6        000000
__Htext7                 text7        000000
__Htext8                 text8        000000
__Htext9                 text9        000000
__LRAM                   (abs)        000001
__Labs1                  abs1         000000
__Lbank0                 bank0        000000
__Lbank1                 bank1        000000
__Lbank2                 bank2        000000
__Lbank3                 bank3        000000
__Lbank4                 bank4        000000
__Lbank5                 bank5        000000
__Lbigbss                bigbss       000000
__Lbigdata               bigdata      000000
__Lbigram                bigram       000000
__Lbss                   bss          000000
__LbssCOMRAM             bssCOMRAM    000000
__Lcinit                 cinit        000000
__Lclrtext               clrtext      000000
__Lcomram                comram       000000
__Lconfig                config       000000
__Lconst                 const        000000
__LcstackCOMRAM          cstackCOMRAM 000000
__Ldata                  data         000000
__Leeprom_data           eeprom_data  000000
__Lfarbss                farbss       000000
__Lfardata               fardata      000000
__Libigdata              ibigdata     000000
__Lidata                 idata        000000
__Lidloc                 idloc        000000
__Lifardata              ifardata     000000
__Linit                  init         000000
__Lintcode               intcode      000000
__Lintcode_body          intcode_body 000000
__Lintcodelo             intcodelo    000000
__Lintentry              intentry     000000
__Lintret                intret       000000
__Lintsave_regs          intsave_regs 000000
__Lirdata                irdata       000000
__Lmediumconst           mediumconst  000000
__LnvFARRAM              nvFARRAM     000000
__Lnvbit                 nvbit        000000
__Lnvrram                nvrram       000000
__Lparam                 rparam       000000
__Lpowerup               powerup      000000
__Lram                   ram          000000
__Lramtop                ramtop       000600
__Lrbit                  rbit         000000
__Lrbss                  rbss         000000
__Lrdata                 rdata        000000
__Lreset_vec             reset_vec    000000
__Lrparam                rparam       000000
__Lsfr                   sfr          000000
__Lsmallconst            smallconst   000600
__Lspace_0               (abs)        000000
__Lspace_1               (abs)        000000
__Lspace_2               (abs)        000000
__Lspace_4               (abs)        000000
__Lstack                 stack        000000
__Lstruct                struct       000000
__Ltemp                  temp         000000
__Ltext                  text         000000
__Ltext0                 text0        000000
__Ltext1                 text1        000000
__Ltext10                text10       000000
__Ltext11                text11       000000
__Ltext12                text12       000000
__Ltext13                text13       000000
__Ltext14                text14       000000
__Ltext15                text15       000000
__Ltext16                text16       000000
__Ltext17                text17       000000
__Ltext18                text18       000000
__Ltext19                text19       000000
__Ltext2                 text2        000000
__Ltext20                text20       000000
__Ltext21                text21       000000
__Ltext22                text22       000000
__Ltext23                text23       000000
__Ltext24                text24       000000
__Ltext25                text25       000000
__Ltext26                text26       000000
__Ltext3                 text3        000000
__Ltext4                 text4        000000
__Ltext5                 text5        000000
__Ltext6                 text6        000000
__Ltext7                 text7        000000
__Ltext8                 text8        000000
__Ltext9                 text9        000000
__S0                     (abs)        001E10
__S1                     (abs)        00004A
__S2                     (abs)        000000
__S4                     (abs)        000000
__S5                     (abs)        000000
___inthi_sp              stack        000000
___intlo_sp              stack        000000
___lldiv                 text26       00195C
___lldiv@counter         cstackCOMRAM 00000D
___lldiv@dividend        cstackCOMRAM 000001
___lldiv@divisor         cstackCOMRAM 000005
___lldiv@quotient        cstackCOMRAM 000009
___llmod                 text25       001A00
___llmod@counter         cstackCOMRAM 000016
___llmod@dividend        cstackCOMRAM 00000E
___llmod@divisor         cstackCOMRAM 000012
___param_bank            (abs)        000000
___rparam_used           (abs)        000001
___sp                    stack        000000
__accesstop              (abs)        000080
__activetblptr           (abs)        000002
__end_of_PulseClockData  text22       001D8C
__end_of_PulseEnClock    text21       001D62
__end_of___lldiv         text26       001A00
__end_of___llmod         text25       001A88
__end_of__initialization cinit        001DFA
__end_of_charKey         smallconst   00061B
__end_of_delayMicro      text14       001E10
__end_of_delayMili       text10       001D38
__end_of_digitalRead     text24       0016C2
__end_of_digitalWrite    text23       0013EC
__end_of_kpDebounce      text19       0017F8
__end_of_kpInit          text16       001D08
__end_of_kpRead          text15       001E0E
__end_of_lcdChar         text11       001DEE
__end_of_lcdCommand      text9        001DD0
__end_of_lcdInit         text7        0018AC
__end_of_lcdPosition     text6        001CD6
__end_of_main            text0        000F50
__end_of_pinMode         text18       00119E
__end_of_pulseEnablePin  text13       001C20
__end_of_pushByte        text12       001AE2
__end_of_pushNibble      text8        001DB2
__end_of_rgbColor        text5        00195C
__end_of_rgbInit         text4        001C5E
__end_of_soInit          text17       001C9C
__end_of_soWrite         text20       001BDE
__end_of_ssdDigit        text3        001B3A
__end_of_ssdInit         text2        001B90
__end_of_ssdUpdate       text1        001558
__end_of_valor           smallconst   000611
__initialization         cinit        001DEE
__mediumconst            mediumconst  000000
__pbssCOMRAM             bssCOMRAM    00003D
__pcinit                 cinit        001DEE
__pcstackCOMRAM          cstackCOMRAM 000001
__psmallconst            smallconst   000600
__ptext0                 text0        00061C
__ptext1                 text1        0013EC
__ptext10                text10       001D08
__ptext11                text11       001DD0
__ptext12                text12       001A88
__ptext13                text13       001BDE
__ptext14                text14       001E0E
__ptext15                text15       001E04
__ptext16                text16       001CD6
__ptext17                text17       001C5E
__ptext18                text18       000F50
__ptext19                text19       0016C2
__ptext2                 text2        001B3A
__ptext20                text20       001B90
__ptext21                text21       001D38
__ptext22                text22       001D62
__ptext23                text23       00119E
__ptext24                text24       001558
__ptext25                text25       001A00
__ptext26                text26       00195C
__ptext3                 text3        001AE2
__ptext4                 text4        001C20
__ptext5                 text5        0018AC
__ptext6                 text6        001C9C
__ptext7                 text7        0017F8
__ptext8                 text8        001D8C
__ptext9                 text9        001DB2
__ramtop                 ramtop       000600
__size_of_PulseClockData (abs)        000000
__size_of_PulseEnClock   (abs)        000000
__size_of___lldiv        (abs)        000000
__size_of___llmod        (abs)        000000
__size_of_delayMicro     (abs)        000000
__size_of_delayMili      (abs)        000000
__size_of_digitalRead    (abs)        000000
__size_of_digitalWrite   (abs)        000000
__size_of_kpDebounce     (abs)        000000
__size_of_kpInit         (abs)        000000
__size_of_kpRead         (abs)        000000
__size_of_lcdChar        (abs)        000000
__size_of_lcdCommand     (abs)        000000
__size_of_lcdInit        (abs)        000000
__size_of_lcdPosition    (abs)        000000
__size_of_main           (abs)        000000
__size_of_pinMode        (abs)        000000
__size_of_pulseEnablePin (abs)        000000
__size_of_pushByte       (abs)        000000
__size_of_pushNibble     (abs)        000000
__size_of_rgbColor       (abs)        000000
__size_of_rgbInit        (abs)        000000
__size_of_soInit         (abs)        000000
__size_of_soWrite        (abs)        000000
__size_of_ssdDigit       (abs)        000000
__size_of_ssdInit        (abs)        000000
__size_of_ssdUpdate      (abs)        000000
__smallconst             smallconst   000600
_delayMicro              text14       001E0E
_delayMili               text10       001D08
_digitalRead             text24       001558
_digitalWrite            text23       00119E
_display                 bssCOMRAM    000047
_keys                    bssCOMRAM    000041
_kpDebounce              text19       0016C2
_kpInit                  text16       001CD6
_kpRead                  text15       001E04
_lcdChar                 text11       001DD0
_lcdCommand              text9        001DB2
_lcdInit                 text7        0017F8
_lcdPosition             text6        001C9C
_main                    text0        00061C
_main$1346               cstackCOMRAM 00001D
_main$1347               cstackCOMRAM 000021
_pinMode                 text18       000F50
_pulseEnablePin          text13       001BDE
_pushByte                text12       001A88
_pushNibble              text8        001D8C
_rgbColor                text5        0018AC
_rgbInit                 text4        001C20
_soInit                  text17       001C5E
_soWrite                 text20       001B90
_ssdDigit                text3        001AE2
_ssdInit                 text2        001B3A
_ssdUpdate               text1        0013EC
_started                 bssCOMRAM    000049
_v0                      bssCOMRAM    000046
_v1                      bssCOMRAM    000045
_v2                      bssCOMRAM    000044
_v3                      bssCOMRAM    000043
_valor                   smallconst   000601
delayMicro@a             cstackCOMRAM 000001
delayMili@a              cstackCOMRAM 000001
delayMili@i              cstackCOMRAM 000004
digitalRead@pin          cstackCOMRAM 000001
digitalWrite@pin         cstackCOMRAM 000001
digitalWrite@value       cstackCOMRAM 000003
end_of_initialization    cinit        001DFA
intlevel0                text         000000
intlevel1                text         000000
intlevel2                text         000000
intlevel3                text         000000
isa$std                  (abs)        000001
isa$xinst                (abs)        000000
kpDebounce@i             cstackCOMRAM 00000D
kpDebounce@newRead       bssCOMRAM    00003F
kpDebounce@oldRead       bssCOMRAM    00003D
kpDebounce@tempo         bssCOMRAM    000048
lcdChar@value            cstackCOMRAM 00000E
lcdCommand@value         cstackCOMRAM 00000E
lcdPosition@col          cstackCOMRAM 000011
lcdPosition@line         cstackCOMRAM 00000F
main@cont                cstackCOMRAM 000039
main@cont2               cstackCOMRAM 000035
main@i                   cstackCOMRAM 000026
main@n                   cstackCOMRAM 00002F
main@nled                cstackCOMRAM 00002A
main@op                  cstackCOMRAM 000025
main@parado              cstackCOMRAM 00002E
main@tecla               cstackCOMRAM 000033
pinMode@pin              cstackCOMRAM 000001
pinMode@type             cstackCOMRAM 000003
pushByte@rs              cstackCOMRAM 00000A
pushByte@value           cstackCOMRAM 00000D
pushNibble@rs            cstackCOMRAM 00000A
pushNibble@value         cstackCOMRAM 00000C
rgbColor@led             cstackCOMRAM 000007
soWrite@i                cstackCOMRAM 000009
soWrite@value            cstackCOMRAM 000007
ssdDigit@pos             cstackCOMRAM 000017
ssdDigit@val             cstackCOMRAM 000018
stackhi                  (abs)        0005FF
stacklo                  (abs)        000080
start                    init         000000
start_initialization     cinit        001DEE


MODULE INFORMATION

Module		Function		Class		Link	Load	Size
ssd.c
		_ssdInit       		CODE           	1B3A	0000	86
		_ssdDigit      		CODE           	1AE2	0000	88
		_ssdUpdate     		CODE           	13EC	0000	364

ssd.c estimated size: 538

keypad.c
		_kpInit        		CODE           	1CD6	0000	50
		_kpDebounce    		CODE           	16C2	0000	310
		_kpRead        		CODE           	1E04	0000	10

keypad.c estimated size: 370

so.c
		_soInit        		CODE           	1C5E	0000	62
		_soWrite       		CODE           	1B90	0000	78
		_PulseEnClock  		CODE           	1D38	0000	42
		_PulseClockData		CODE           	1D62	0000	42

so.c estimated size: 224

io.c
		_digitalRead   		CODE           	1558	0000	362
		_digitalWrite  		CODE           	119E	0000	590
		_pinMode       		CODE           	0F50	0000	590

io.c estimated size: 1542

rgb.c
		_rgbColor      		CODE           	18AC	0000	176
		_rgbInit       		CODE           	1C20	0000	62

rgb.c estimated size: 238

shared
		_valor         		SMALLCONST     	0601	0000	16
		_charKey       		SMALLCONST     	0000	0000	0
		__initialization		CODE           	1DEE	0000	12

shared estimated size: 28

lcd.c
		_lcdCommand    		CODE           	1DB2	0000	30
		_lcdChar       		CODE           	1DD0	0000	30
		_pulseEnablePin		CODE           	1BDE	0000	66
		_pushByte      		CODE           	1A88	0000	90
		_lcdPosition   		CODE           	1C9C	0000	58
		_pushNibble    		CODE           	1D8C	0000	38
		_lcdInit       		CODE           	17F8	0000	180
		_delayMili     		CODE           	1D08	0000	48
		_delayMicro    		CODE           	1E0E	0000	2

lcd.c estimated size: 542

E:\Program Files\Microchip\xc8\v2.32\pic\sources\c99\common\__lldiv.c
		___lldiv       		CODE           	195C	0000	164

E:\Program Files\Microchip\xc8\v2.32\pic\sources\c99\common\__lldiv.c estimated size: 164

E:\Program Files\Microchip\xc8\v2.32\pic\sources\c99\common\llmod.c
		___llmod       		CODE           	1A00	0000	136

E:\Program Files\Microchip\xc8\v2.32\pic\sources\c99\common\llmod.c estimated size: 136

main.c
		_main          		CODE           	061C	0000	2356

main.c estimated size: 2356

